// Jest Snapshot v1, https://goo.gl/fbAQLP

exports[`container 1`] = `
.emotion-0 {
  width: 100%;
}

@media (min-width:640px) {
  .emotion-0 {
    max-width: 640px;
  }
}

@media (min-width:768px) {
  .emotion-0 {
    max-width: 768px;
  }
}

@media (min-width:1024px) {
  .emotion-0 {
    max-width: 1024px;
  }
}

@media (min-width:1280px) {
  .emotion-0 {
    max-width: 1280px;
  }
}

<div
  className="emotion-0"
/>
`;
